Archive member included because of file (symbol)

d:/program files/winavr-20100110/bin/../lib/gcc/avr/4.3.3/avr5\libgcc.a(_exit.o)
                              d:/program files/winavr-20100110/bin/../lib/gcc/avr/4.3.3/../../../../avr/lib/avr5/crtm169.o (exit)
d:/program files/winavr-20100110/bin/../lib/gcc/avr/4.3.3/avr5\libgcc.a(_copy_data.o)
                              tasks.o (__do_copy_data)
d:/program files/winavr-20100110/bin/../lib/gcc/avr/4.3.3/avr5\libgcc.a(_clear_bss.o)
                              croutine.o (__do_clear_bss)
d:/program files/winavr-20100110/bin/../lib/gcc/avr/4.3.3/../../../../avr/lib/avr5\libc.a(memcpy.o)
                              queue.o (memcpy)
d:/program files/winavr-20100110/bin/../lib/gcc/avr/4.3.3/../../../../avr/lib/avr5\libc.a(memset.o)
                              tasks.o (memset)
d:/program files/winavr-20100110/bin/../lib/gcc/avr/4.3.3/../../../../avr/lib/avr5\libc.a(strncpy.o)
                              tasks.o (strncpy)

Memory Configuration

Name             Origin             Length             Attributes
text             0x00000000         0x00020000         xr
data             0x00800060         0x0000ffa0         rw !x
eeprom           0x00810000         0x00010000         rw !x
fuse             0x00820000         0x00000400         rw !x
lock             0x00830000         0x00000400         rw !x
signature        0x00840000         0x00000400         rw !x
*default*        0x00000000         0xffffffff

Linker script and memory map

Address of section .data set to 0x800100
LOAD d:/program files/winavr-20100110/bin/../lib/gcc/avr/4.3.3/../../../../avr/lib/avr5/crtm169.o
LOAD croutine.o
LOAD list.o
LOAD queue.o
LOAD tasks.o
LOAD heap_1.o
LOAD port.o
LOAD Main_Prog.o
LOAD d:/program files/winavr-20100110/bin/../lib/gcc/avr/4.3.3/avr5\libgcc.a
LOAD d:/program files/winavr-20100110/bin/../lib/gcc/avr/4.3.3/../../../../avr/lib/avr5\libc.a
LOAD d:/program files/winavr-20100110/bin/../lib/gcc/avr/4.3.3/avr5\libgcc.a

.hash
 *(.hash)

.dynsym
 *(.dynsym)

.dynstr
 *(.dynstr)

.gnu.version
 *(.gnu.version)

.gnu.version_d
 *(.gnu.version_d)

.gnu.version_r
 *(.gnu.version_r)

.rel.init
 *(.rel.init)

.rela.init
 *(.rela.init)

.rel.text
 *(.rel.text)
 *(.rel.text.*)
 *(.rel.gnu.linkonce.t*)

.rela.text
 *(.rela.text)
 *(.rela.text.*)
 *(.rela.gnu.linkonce.t*)

.rel.fini
 *(.rel.fini)

.rela.fini
 *(.rela.fini)

.rel.rodata
 *(.rel.rodata)
 *(.rel.rodata.*)
 *(.rel.gnu.linkonce.r*)

.rela.rodata
 *(.rela.rodata)
 *(.rela.rodata.*)
 *(.rela.gnu.linkonce.r*)

.rel.data
 *(.rel.data)
 *(.rel.data.*)
 *(.rel.gnu.linkonce.d*)

.rela.data
 *(.rela.data)
 *(.rela.data.*)
 *(.rela.gnu.linkonce.d*)

.rel.ctors
 *(.rel.ctors)

.rela.ctors
 *(.rela.ctors)

.rel.dtors
 *(.rel.dtors)

.rela.dtors
 *(.rela.dtors)

.rel.got
 *(.rel.got)

.rela.got
 *(.rela.got)

.rel.bss
 *(.rel.bss)

.rela.bss
 *(.rela.bss)

.rel.plt
 *(.rel.plt)

.rela.plt
 *(.rela.plt)

.text           0x00000000     0x1698
 *(.vectors)
 .vectors       0x00000000       0x5c d:/program files/winavr-20100110/bin/../lib/gcc/avr/4.3.3/../../../../avr/lib/avr5/crtm169.o
                0x00000000                __vectors
                0x00000000                __vector_default
 *(.vectors)
 *(.progmem.gcc*)
 *(.progmem*)
                0x0000005c                . = ALIGN (0x2)
                0x0000005c                __trampolines_start = .
 *(.trampolines)
 .trampolines   0x0000005c        0x0 linker stubs
 *(.trampolines*)
                0x0000005c                __trampolines_end = .
 *(.jumptables)
 *(.jumptables*)
 *(.lowtext)
 *(.lowtext*)
                0x0000005c                __ctors_start = .
 *(.ctors)
                0x0000005c                __ctors_end = .
                0x0000005c                __dtors_start = .
 *(.dtors)
                0x0000005c                __dtors_end = .
 SORT(*)(.ctors)
 SORT(*)(.dtors)
 *(.init0)
 .init0         0x0000005c        0x0 d:/program files/winavr-20100110/bin/../lib/gcc/avr/4.3.3/../../../../avr/lib/avr5/crtm169.o
                0x0000005c                __init
 *(.init0)
 *(.init1)
 *(.init1)
 *(.init2)
 .init2         0x0000005c        0xc d:/program files/winavr-20100110/bin/../lib/gcc/avr/4.3.3/../../../../avr/lib/avr5/crtm169.o
 *(.init2)
 *(.init3)
 *(.init3)
 *(.init4)
 .init4         0x00000068       0x16 d:/program files/winavr-20100110/bin/../lib/gcc/avr/4.3.3/avr5\libgcc.a(_copy_data.o)
                0x00000068                __do_copy_data
 .init4         0x0000007e       0x10 d:/program files/winavr-20100110/bin/../lib/gcc/avr/4.3.3/avr5\libgcc.a(_clear_bss.o)
                0x0000007e                __do_clear_bss
 *(.init4)
 *(.init5)
 *(.init5)
 *(.init6)
 *(.init6)
 *(.init7)
 *(.init7)
 *(.init8)
 *(.init8)
 *(.init9)
 .init9         0x0000008e        0x8 d:/program files/winavr-20100110/bin/../lib/gcc/avr/4.3.3/../../../../avr/lib/avr5/crtm169.o
 *(.init9)
 *(.text)
 .text          0x00000096        0x4 d:/program files/winavr-20100110/bin/../lib/gcc/avr/4.3.3/../../../../avr/lib/avr5/crtm169.o
                0x00000096                __vector_22
                0x00000096                __vector_1
                0x00000096                __vector_12
                0x00000096                __bad_interrupt
                0x00000096                __vector_6
                0x00000096                __vector_3
                0x00000096                __vector_11
                0x00000096                __vector_13
                0x00000096                __vector_17
                0x00000096                __vector_19
                0x00000096                __vector_5
                0x00000096                __vector_4
                0x00000096                __vector_9
                0x00000096                __vector_2
                0x00000096                __vector_21
                0x00000096                __vector_15
                0x00000096                __vector_8
                0x00000096                __vector_14
                0x00000096                __vector_10
                0x00000096                __vector_16
                0x00000096                __vector_18
                0x00000096                __vector_20
 .text          0x0000009a      0x394 croutine.o
                0x0000009a                xCoRoutineRemoveFromEventList
                0x0000033a                xCoRoutineCreate
                0x000000f0                vCoRoutineSchedule
                0x000002c0                vCoRoutineAddToDelayedList
 .text          0x0000042e      0x134 list.o
                0x00000456                vListInsertEnd
                0x00000512                vListRemove
                0x0000044e                vListInitialiseItem
                0x0000042e                vListInitialise
                0x000004a8                vListInsert
 .text          0x00000562      0x5ca queue.o
                0x000006b6                xQueueGenericSendFromISR
                0x00000a66                xQueueCreate
                0x0000059a                vQueueDelete
                0x0000091e                xQueueGenericSend
                0x000005b6                xQueueReceiveFromISR
                0x00000588                xQueueIsQueueFullFromISR
                0x00000786                xQueueGenericReceive
                0x00000562                uxQueueMessagesWaiting
                0x00000572                uxQueueMessagesWaitingFromISR
                0x00000578                xQueueIsQueueEmptyFromISR
 .text          0x00000b2c      0x778 tasks.o
                0x00001082                vTaskEndScheduler
                0x00000ddc                vTaskPlaceOnEventList
                0x00000b38                xTaskGetTickCount
                0x00000c6a                xTaskRemoveFromEventList
                0x00000bee                xTaskCheckForTimeOut
                0x00000b2c                vTaskSuspendAll
                0x00000b54                vTaskSwitchContext
                0x00000b4e                uxTaskGetNumberOfTasks
                0x00000cf0                vTaskIncrementTick
                0x00000fd4                vTaskDelayUntil
                0x00000e4e                xTaskResumeAll
                0x00001266                vTaskStartScheduler
                0x00000c62                vTaskMissedYield
                0x0000108e                xTaskCreate
                0x00000f58                vTaskDelay
                0x00000bd8                vTaskSetTimeOutState
 .text          0x000012a4       0x5a heap_1.o
                0x000012a4                vPortFree
                0x000012b0                pvPortMalloc
                0x000012a6                vPortInitialiseBlocks
 .text          0x000012fe      0x276 port.o
                0x0000138e                xPortStartScheduler
                0x00001406                vPortYieldFromTick
                0x00001404                vPortEndScheduler
                0x000014bc                __vector_7
                0x000014c2                vPortYield
                0x000012fe                pxPortInitialiseStack
 .text          0x00001574       0xe2 Main_Prog.o
                0x00001602                main
                0x00001574                Motor
                0x000015b4                LED
 .text          0x00001656        0x0 d:/program files/winavr-20100110/bin/../lib/gcc/avr/4.3.3/avr5\libgcc.a(_exit.o)
 .text          0x00001656        0x0 d:/program files/winavr-20100110/bin/../lib/gcc/avr/4.3.3/avr5\libgcc.a(_copy_data.o)
 .text          0x00001656        0x0 d:/program files/winavr-20100110/bin/../lib/gcc/avr/4.3.3/avr5\libgcc.a(_clear_bss.o)
 .text          0x00001656        0x0 d:/program files/winavr-20100110/bin/../lib/gcc/avr/4.3.3/../../../../avr/lib/avr5\libc.a(memcpy.o)
 .text          0x00001656        0x0 d:/program files/winavr-20100110/bin/../lib/gcc/avr/4.3.3/../../../../avr/lib/avr5\libc.a(memset.o)
 .text          0x00001656        0x0 d:/program files/winavr-20100110/bin/../lib/gcc/avr/4.3.3/../../../../avr/lib/avr5\libc.a(strncpy.o)
                0x00001656                . = ALIGN (0x2)
 *(.text.*)
 .text.libgcc   0x00001656        0x0 d:/program files/winavr-20100110/bin/../lib/gcc/avr/4.3.3/avr5\libgcc.a(_exit.o)
 .text.libgcc   0x00001656        0x0 d:/program files/winavr-20100110/bin/../lib/gcc/avr/4.3.3/avr5\libgcc.a(_copy_data.o)
 .text.libgcc   0x00001656        0x0 d:/program files/winavr-20100110/bin/../lib/gcc/avr/4.3.3/avr5\libgcc.a(_clear_bss.o)
 .text.avr-libc
                0x00001656       0x12 d:/program files/winavr-20100110/bin/../lib/gcc/avr/4.3.3/../../../../avr/lib/avr5\libc.a(memcpy.o)
                0x00001656                memcpy
 .text.avr-libc
                0x00001668        0xe d:/program files/winavr-20100110/bin/../lib/gcc/avr/4.3.3/../../../../avr/lib/avr5\libc.a(memset.o)
                0x00001668                memset
 .text.avr-libc
                0x00001676       0x1e d:/program files/winavr-20100110/bin/../lib/gcc/avr/4.3.3/../../../../avr/lib/avr5\libc.a(strncpy.o)
                0x00001676                strncpy
                0x00001694                . = ALIGN (0x2)
 *(.fini9)
 .fini9         0x00001694        0x0 d:/program files/winavr-20100110/bin/../lib/gcc/avr/4.3.3/avr5\libgcc.a(_exit.o)
                0x00001694                exit
                0x00001694                _exit
 *(.fini9)
 *(.fini8)
 *(.fini8)
 *(.fini7)
 *(.fini7)
 *(.fini6)
 *(.fini6)
 *(.fini5)
 *(.fini5)
 *(.fini4)
 *(.fini4)
 *(.fini3)
 *(.fini3)
 *(.fini2)
 *(.fini2)
 *(.fini1)
 *(.fini1)
 *(.fini0)
 .fini0         0x00001694        0x4 d:/program files/winavr-20100110/bin/../lib/gcc/avr/4.3.3/avr5\libgcc.a(_exit.o)
 *(.fini0)
                0x00001698                _etext = .

.data           0x00800100        0x6 load address 0x00001698
                0x00800100                PROVIDE (__data_start, .)
 *(.data)
 .data          0x00800100        0x0 d:/program files/winavr-20100110/bin/../lib/gcc/avr/4.3.3/../../../../avr/lib/avr5/crtm169.o
 .data          0x00800100        0x0 croutine.o
 .data          0x00800100        0x0 list.o
 .data          0x00800100        0x0 queue.o
 .data          0x00800100        0x5 tasks.o
 .data          0x00800105        0x0 heap_1.o
 .data          0x00800105        0x0 port.o
 .data          0x00800105        0x0 Main_Prog.o
 .data          0x00800105        0x0 d:/program files/winavr-20100110/bin/../lib/gcc/avr/4.3.3/avr5\libgcc.a(_exit.o)
 .data          0x00800105        0x0 d:/program files/winavr-20100110/bin/../lib/gcc/avr/4.3.3/avr5\libgcc.a(_copy_data.o)
 .data          0x00800105        0x0 d:/program files/winavr-20100110/bin/../lib/gcc/avr/4.3.3/avr5\libgcc.a(_clear_bss.o)
 .data          0x00800105        0x0 d:/program files/winavr-20100110/bin/../lib/gcc/avr/4.3.3/../../../../avr/lib/avr5\libc.a(memcpy.o)
 .data          0x00800105        0x0 d:/program files/winavr-20100110/bin/../lib/gcc/avr/4.3.3/../../../../avr/lib/avr5\libc.a(memset.o)
 .data          0x00800105        0x0 d:/program files/winavr-20100110/bin/../lib/gcc/avr/4.3.3/../../../../avr/lib/avr5\libc.a(strncpy.o)
 *(.data*)
 *(.rodata)
 *(.rodata*)
 *(.gnu.linkonce.d*)
                0x00800106                . = ALIGN (0x2)
 *fill*         0x00800105        0x1 00
                0x00800106                _edata = .
                0x00800106                PROVIDE (__data_end, .)

.bss            0x00800106      0x37a
                0x00800106                PROVIDE (__bss_start, .)
 *(.bss)
 .bss           0x00800106        0x0 d:/program files/winavr-20100110/bin/../lib/gcc/avr/4.3.3/../../../../avr/lib/avr5/crtm169.o
 .bss           0x00800106       0x3a croutine.o
                0x00800106                pxCurrentCoRoutine
 .bss           0x00800140        0x0 list.o
 .bss           0x00800140        0x0 queue.o
 .bss           0x00800140       0x50 tasks.o
                0x00800140                pxCurrentTCB
 .bss           0x00800190      0x2f0 heap_1.o
 .bss           0x00800480        0x0 port.o
 .bss           0x00800480        0x0 Main_Prog.o
 .bss           0x00800480        0x0 d:/program files/winavr-20100110/bin/../lib/gcc/avr/4.3.3/avr5\libgcc.a(_exit.o)
 .bss           0x00800480        0x0 d:/program files/winavr-20100110/bin/../lib/gcc/avr/4.3.3/avr5\libgcc.a(_copy_data.o)
 .bss           0x00800480        0x0 d:/program files/winavr-20100110/bin/../lib/gcc/avr/4.3.3/avr5\libgcc.a(_clear_bss.o)
 .bss           0x00800480        0x0 d:/program files/winavr-20100110/bin/../lib/gcc/avr/4.3.3/../../../../avr/lib/avr5\libc.a(memcpy.o)
 .bss           0x00800480        0x0 d:/program files/winavr-20100110/bin/../lib/gcc/avr/4.3.3/../../../../avr/lib/avr5\libc.a(memset.o)
 .bss           0x00800480        0x0 d:/program files/winavr-20100110/bin/../lib/gcc/avr/4.3.3/../../../../avr/lib/avr5\libc.a(strncpy.o)
 *(.bss*)
 *(COMMON)
                0x00800480                PROVIDE (__bss_end, .)
                0x00001698                __data_load_start = LOADADDR (.data)
                0x0000169e                __data_load_end = (__data_load_start + SIZEOF (.data))

.noinit         0x00800480        0x0
                0x00800480                PROVIDE (__noinit_start, .)
 *(.noinit*)
                0x00800480                PROVIDE (__noinit_end, .)
                0x00800480                _end = .
                0x00800480                PROVIDE (__heap_start, .)

.eeprom         0x00810000        0x0
 *(.eeprom*)
                0x00810000                __eeprom_end = .

.fuse
 *(.fuse)
 *(.lfuse)
 *(.hfuse)
 *(.efuse)

.lock
 *(.lock*)

.signature
 *(.signature*)

.stab
 *(.stab)

.stabstr
 *(.stabstr)

.stab.excl
 *(.stab.excl)

.stab.exclstr
 *(.stab.exclstr)

.stab.index
 *(.stab.index)

.stab.indexstr
 *(.stab.indexstr)

.comment
 *(.comment)

.debug
 *(.debug)

.line
 *(.line)

.debug_srcinfo
 *(.debug_srcinfo)

.debug_sfnames
 *(.debug_sfnames)

.debug_aranges  0x00000000       0xe0
 *(.debug_aranges)
 .debug_aranges
                0x00000000       0x20 croutine.o
 .debug_aranges
                0x00000020       0x20 list.o
 .debug_aranges
                0x00000040       0x20 queue.o
 .debug_aranges
                0x00000060       0x20 tasks.o
 .debug_aranges
                0x00000080       0x20 heap_1.o
 .debug_aranges
                0x000000a0       0x20 port.o
 .debug_aranges
                0x000000c0       0x20 Main_Prog.o

.debug_pubnames
                0x00000000      0x4a7
 *(.debug_pubnames)
 .debug_pubnames
                0x00000000       0x96 croutine.o
 .debug_pubnames
                0x00000096       0x71 list.o
 .debug_pubnames
                0x00000107      0x111 queue.o
 .debug_pubnames
                0x00000218      0x188 tasks.o
 .debug_pubnames
                0x000003a0       0x4b heap_1.o
 .debug_pubnames
                0x000003eb       0x8f port.o
 .debug_pubnames
                0x0000047a       0x2d Main_Prog.o

.debug_info     0x00000000     0x1c14
 *(.debug_info)
 .debug_info    0x00000000      0x502 croutine.o
 .debug_info    0x00000502      0x2b1 list.o
 .debug_info    0x000007b3      0x767 queue.o
 .debug_info    0x00000f1a      0x950 tasks.o
 .debug_info    0x0000186a      0x14a heap_1.o
 .debug_info    0x000019b4      0x192 port.o
 .debug_info    0x00001b46       0xce Main_Prog.o
 *(.gnu.linkonce.wi.*)

.debug_abbrev   0x00000000      0x93d
 *(.debug_abbrev)
 .debug_abbrev  0x00000000      0x1dd croutine.o
 .debug_abbrev  0x000001dd       0xdd list.o
 .debug_abbrev  0x000002ba      0x1aa queue.o
 .debug_abbrev  0x00000464      0x253 tasks.o
 .debug_abbrev  0x000006b7       0xfd heap_1.o
 .debug_abbrev  0x000007b4      0x106 port.o
 .debug_abbrev  0x000008ba       0x83 Main_Prog.o

.debug_line     0x00000000     0x1924
 *(.debug_line)
 .debug_line    0x00000000      0x356 croutine.o
 .debug_line    0x00000356      0x243 list.o
 .debug_line    0x00000599      0x6d4 queue.o
 .debug_line    0x00000c6d      0x692 tasks.o
 .debug_line    0x000012ff      0x11e heap_1.o
 .debug_line    0x0000141d      0x2d2 port.o
 .debug_line    0x000016ef      0x235 Main_Prog.o

.debug_frame    0x00000000      0x390
 *(.debug_frame)
 .debug_frame   0x00000000       0x50 croutine.o
 .debug_frame   0x00000050       0x60 list.o
 .debug_frame   0x000000b0       0xd0 queue.o
 .debug_frame   0x00000180      0x120 tasks.o
 .debug_frame   0x000002a0       0x40 heap_1.o
 .debug_frame   0x000002e0       0x70 port.o
 .debug_frame   0x00000350       0x40 Main_Prog.o

.debug_str      0x00000000      0xce4
 *(.debug_str)
 .debug_str     0x00000000      0x3b9 croutine.o
                                0x400 (size before relaxing)
 .debug_str     0x000003b9       0xad list.o
                                0x1ef (size before relaxing)
 .debug_str     0x00000466      0x307 queue.o
                                0x467 (size before relaxing)
 .debug_str     0x0000076d      0x3f3 tasks.o
                                0x5e4 (size before relaxing)
 .debug_str     0x00000b60       0x9d heap_1.o
                                0x148 (size before relaxing)
 .debug_str     0x00000bfd       0xcd port.o
                                0x197 (size before relaxing)
 .debug_str     0x00000cca       0x1a Main_Prog.o
                                 0xcb (size before relaxing)

.debug_loc      0x00000000      0xe20
 *(.debug_loc)
 .debug_loc     0x00000000      0x210 croutine.o
 .debug_loc     0x00000210      0x100 list.o
 .debug_loc     0x00000310      0x5e0 queue.o
 .debug_loc     0x000008f0      0x488 tasks.o
 .debug_loc     0x00000d78       0x50 heap_1.o
 .debug_loc     0x00000dc8       0x28 port.o
 .debug_loc     0x00000df0       0x30 Main_Prog.o

.debug_macinfo
 *(.debug_macinfo)
OUTPUT(FreeRTOS.elf elf32-avr)
LOAD linker stubs

.debug_ranges   0x00000000       0x18
 .debug_ranges  0x00000000       0x18 tasks.o
